\BOOKMARK [1][-]{section.1}{\376\377\000I\000d\000e\000n\000t\000i\000t\000a\000s\000\040\000M\000o\000d\000u\000l}{}% 1
\BOOKMARK [1][-]{section.2}{\376\377\000D\000e\000s\000k\000r\000i\000p\000s\000i\000\040\000U\000m\000u\000m}{}% 2
\BOOKMARK [1][-]{section.3}{\376\377\000T\000u\000j\000u\000a\000n\000\040\000P\000e\000m\000b\000e\000l\000a\000j\000a\000r\000a\000n}{}% 3
\BOOKMARK [1][-]{section.4}{\376\377\000K\000o\000m\000p\000e\000t\000e\000n\000s\000i\000\040\000A\000w\000a\000l\000\040\000d\000a\000n\000\040\000S\000a\000r\000a\000n\000a}{}% 4
\BOOKMARK [2][-]{subsection.4.1}{\376\377\000K\000o\000m\000p\000e\000t\000e\000n\000s\000i\000\040\000A\000w\000a\000l}{section.4}% 5
\BOOKMARK [2][-]{subsection.4.2}{\376\377\000S\000a\000r\000a\000n\000a}{section.4}% 6
\BOOKMARK [1][-]{section.5}{\376\377\000P\000e\000r\000t\000a\000n\000y\000a\000a\000n\000\040\000P\000e\000m\000a\000n\000t\000i\000k}{}% 7
\BOOKMARK [1][-]{section.6}{\376\377\000M\000a\000t\000e\000r\000i\000\040\000P\000e\000m\000b\000e\000l\000a\000j\000a\000r\000a\000n}{}% 8
\BOOKMARK [2][-]{subsection.6.1}{\376\377\000P\000e\000n\000i\000n\000j\000a\000u\000a\000n\000\040\000U\000l\000a\000n\000g\000\040\000M\000o\000d\000u\000l\000\040\0001}{section.6}% 9
\BOOKMARK [3][-]{subsubsection.6.1.1}{\376\377\000R\000i\000n\000g\000k\000a\000s\000a\000n\000\040\000V\000a\000r\000i\000a\000b\000e\000l\000,\000\040\000O\000p\000e\000r\000a\000t\000o\000r\000,\000\040\000d\000a\000n\000\040\000P\000e\000r\000c\000a\000b\000a\000n\000g\000a\000n}{subsection.6.1}% 10
\BOOKMARK [3][-]{subsubsection.6.1.2}{\376\377\000K\000e\000s\000a\000l\000a\000h\000a\000n\000\040\000U\000m\000u\000m\000\040\000p\000a\000d\000a\000\040\000T\000u\000g\000a\000s\000\040\000M\000o\000d\000u\000l\000\040\0001}{subsection.6.1}% 11
\BOOKMARK [3][-]{subsubsection.6.1.3}{\376\377\000K\000e\000b\000i\000a\000s\000a\000a\000n\000\040\000M\000e\000n\000u\000l\000i\000s\000\040\000K\000o\000d\000e\000\040\000y\000a\000n\000g\000\040\000R\000a\000p\000i}{subsection.6.1}% 12
\BOOKMARK [2][-]{subsection.6.2}{\376\377\000P\000e\000r\000c\000a\000b\000a\000n\000g\000a\000n\000\040\000B\000e\000r\000t\000i\000n\000g\000k\000a\000t\000\040\000\050\000N\000e\000s\000t\000e\000d\000\040\000I\000f\000\051}{section.6}% 13
\BOOKMARK [3][-]{subsubsection.6.2.1}{\376\377\000K\000o\000n\000s\000e\000p\000\040\000K\000o\000n\000d\000i\000s\000i\000\040\000d\000i\000\040\000D\000a\000l\000a\000m\000\040\000K\000o\000n\000d\000i\000s\000i}{subsection.6.2}% 14
\BOOKMARK [3][-]{subsubsection.6.2.2}{\376\377\000P\000e\000r\000b\000e\000d\000a\000a\000n\000\040\000N\000e\000s\000t\000e\000d\000\040\000I\000f\000\040\000d\000a\000n\000\040\000R\000a\000n\000g\000k\000a\000i\000a\000n\000\040\000E\000l\000i\000f}{subsection.6.2}% 15
\BOOKMARK [3][-]{subsubsection.6.2.3}{\376\377\000M\000e\000n\000j\000a\000g\000a\000\040\000K\000e\000t\000e\000r\000b\000a\000c\000a\000a\000n\000\040\000K\000o\000d\000e}{subsection.6.2}% 16
\BOOKMARK [3][-]{subsubsection.6.2.4}{\376\377\000S\000t\000u\000d\000i\000\040\000K\000a\000s\000u\000s\000:\000\040\000P\000e\000n\000e\000n\000t\000u\000a\000n\000\040\000K\000a\000t\000e\000g\000o\000r\000i\000\040\000d\000e\000n\000g\000a\000n\000\040\000D\000u\000a\000\040\000L\000a\000p\000i\000s\000\040\000S\000y\000a\000r\000a\000t}{subsection.6.2}% 17
\BOOKMARK [2][-]{subsection.6.3}{\376\377\000O\000p\000e\000r\000a\000t\000o\000r\000\040\000M\000o\000d\000u\000l\000o\000\040\000d\000a\000n\000\040\000P\000e\000n\000g\000u\000j\000i\000a\000n\000\040\000B\000i\000l\000a\000n\000g\000a\000n}{section.6}% 18
\BOOKMARK [3][-]{subsubsection.6.3.1}{\376\377\000M\000e\000m\000a\000h\000a\000m\000i\000\040\000S\000i\000s\000a\000\040\000B\000a\000g\000i\000\040\000\050\000\045\000\051}{subsection.6.3}% 19
\BOOKMARK [3][-]{subsubsection.6.3.2}{\376\377\000D\000e\000t\000e\000k\000s\000i\000\040\000B\000i\000l\000a\000n\000g\000a\000n\000\040\000G\000a\000n\000j\000i\000l\000\040\000d\000a\000n\000\040\000G\000e\000n\000a\000p}{subsection.6.3}% 20
\BOOKMARK [3][-]{subsubsection.6.3.3}{\376\377\000D\000e\000t\000e\000k\000s\000i\000\040\000B\000i\000l\000a\000n\000g\000a\000n\000\040\000H\000a\000b\000i\000s\000\040\000D\000i\000b\000a\000g\000i}{subsection.6.3}% 21
\BOOKMARK [3][-]{subsubsection.6.3.4}{\376\377\000S\000t\000u\000d\000i\000\040\000K\000a\000s\000u\000s\000:\000\040\000K\000l\000a\000s\000i\000f\000i\000k\000a\000s\000i\000\040\000B\000i\000l\000a\000n\000g\000a\000n}{subsection.6.3}% 22
\BOOKMARK [2][-]{subsection.6.4}{\376\377\000P\000e\000r\000u\000l\000a\000n\000g\000a\000n\000\040\000\050\000L\000o\000o\000p\000i\000n\000g\000\051}{section.6}% 23
\BOOKMARK [3][-]{subsubsection.6.4.1}{\376\377\000K\000o\000n\000s\000e\000p\000\040\000P\000e\000r\000u\000l\000a\000n\000g\000a\000n}{subsection.6.4}% 24
\BOOKMARK [3][-]{subsubsection.6.4.2}{\376\377\000P\000e\000r\000u\000l\000a\000n\000g\000a\000n\000\040\000F\000o\000r\000\040\000d\000a\000n\000\040\000F\000u\000n\000g\000s\000i\000\040\000R\000a\000n\000g\000e\000\050\000\051}{subsection.6.4}% 25
\BOOKMARK [3][-]{subsubsection.6.4.3}{\376\377\000V\000a\000r\000i\000a\000s\000i\000\040\000R\000a\000n\000g\000e\000:\000\040\000B\000a\000t\000a\000s\000\040\000A\000w\000a\000l\000,\000\040\000A\000k\000h\000i\000r\000,\000\040\000d\000a\000n\000\040\000L\000a\000n\000g\000k\000a\000h}{subsection.6.4}% 26
\BOOKMARK [3][-]{subsubsection.6.4.4}{\376\377\000P\000e\000r\000u\000l\000a\000n\000g\000a\000n\000\040\000W\000h\000i\000l\000e}{subsection.6.4}% 27
\BOOKMARK [3][-]{subsubsection.6.4.5}{\376\377\000B\000a\000h\000a\000y\000a\000\040\000I\000n\000f\000i\000n\000i\000t\000e\000\040\000L\000o\000o\000p}{subsection.6.4}% 28
\BOOKMARK [3][-]{subsubsection.6.4.6}{\376\377\000P\000e\000r\000b\000a\000n\000d\000i\000n\000g\000a\000n\000\040\000F\000o\000r\000\040\000d\000a\000n\000\040\000W\000h\000i\000l\000e}{subsection.6.4}% 29
\BOOKMARK [2][-]{subsection.6.5}{\376\377\000K\000o\000n\000t\000r\000o\000l\000\040\000P\000e\000r\000u\000l\000a\000n\000g\000a\000n}{section.6}% 30
\BOOKMARK [3][-]{subsubsection.6.5.1}{\376\377\000P\000e\000r\000i\000n\000t\000a\000h\000\040\000B\000r\000e\000a\000k}{subsection.6.5}% 31
\BOOKMARK [3][-]{subsubsection.6.5.2}{\376\377\000P\000e\000r\000i\000n\000t\000a\000h\000\040\000C\000o\000n\000t\000i\000n\000u\000e}{subsection.6.5}% 32
\BOOKMARK [3][-]{subsubsection.6.5.3}{\376\377\000V\000a\000r\000i\000a\000b\000e\000l\000\040\000A\000k\000u\000m\000u\000l\000a\000t\000o\000r\000\040\000d\000a\000n\000\040\000F\000l\000a\000g}{subsection.6.5}% 33
\BOOKMARK [2][-]{subsection.6.6}{\376\377\000P\000e\000r\000u\000l\000a\000n\000g\000a\000n\000\040\000B\000e\000r\000s\000a\000r\000a\000n\000g\000\040\000\050\000N\000e\000s\000t\000e\000d\000\040\000L\000o\000o\000p\000\051}{section.6}% 34
\BOOKMARK [3][-]{subsubsection.6.6.1}{\376\377\000K\000o\000n\000s\000e\000p\000\040\000N\000e\000s\000t\000e\000d\000\040\000L\000o\000o\000p}{subsection.6.6}% 35
\BOOKMARK [3][-]{subsubsection.6.6.2}{\376\377\000S\000t\000u\000d\000i\000\040\000K\000a\000s\000u\000s\000:\000\040\000P\000o\000l\000a\000\040\000B\000i\000n\000t\000a\000n\000g\000\040\000d\000a\000n\000\040\000T\000a\000b\000e\000l\000\040\000P\000e\000r\000k\000a\000l\000i\000a\000n}{subsection.6.6}% 36
\BOOKMARK [3][-]{subsubsection.6.6.3}{\376\377\000M\000e\000n\000g\000g\000a\000b\000u\000n\000g\000k\000a\000n\000\040\000N\000e\000s\000t\000e\000d\000\040\000L\000o\000o\000p\000\040\000d\000e\000n\000g\000a\000n\000\040\000N\000e\000s\000t\000e\000d\000\040\000I\000f}{subsection.6.6}% 37
\BOOKMARK [2][-]{subsection.6.7}{\376\377\000S\000t\000u\000d\000i\000\040\000K\000a\000s\000u\000s\000\040\000U\000t\000a\000m\000a\000:\000\040\000D\000e\000t\000e\000k\000s\000i\000\040\000B\000i\000l\000a\000n\000g\000a\000n\000\040\000P\000r\000i\000m\000a}{section.6}% 38
\BOOKMARK [3][-]{subsubsection.6.7.1}{\376\377\000D\000e\000f\000i\000n\000i\000s\000i\000\040\000B\000i\000l\000a\000n\000g\000a\000n\000\040\000P\000r\000i\000m\000a}{subsection.6.7}% 39
\BOOKMARK [3][-]{subsubsection.6.7.2}{\376\377\000A\000l\000g\000o\000r\000i\000t\000m\000a\000\040\000P\000e\000m\000e\000r\000i\000k\000s\000a\000a\000n\000\040\000P\000e\000m\000b\000a\000g\000i}{subsection.6.7}% 40
\BOOKMARK [3][-]{subsubsection.6.7.3}{\376\377\000I\000m\000p\000l\000e\000m\000e\000n\000t\000a\000s\000i\000\040\000d\000e\000n\000g\000a\000n\000\040\000F\000o\000r\000\040\000d\000a\000n\000\040\000F\000l\000a\000g}{subsection.6.7}% 41
\BOOKMARK [3][-]{subsubsection.6.7.4}{\376\377\000P\000e\000n\000a\000n\000g\000a\000n\000a\000n\000\040\000K\000a\000s\000u\000s\000\040\000K\000h\000u\000s\000u\000s\000\040\000\050\0000\000,\000\040\0001\000,\000\040\000N\000e\000g\000a\000t\000i\000f\000\051}{subsection.6.7}% 42
\BOOKMARK [3][-]{subsubsection.6.7.5}{\376\377\000M\000e\000n\000a\000m\000p\000i\000l\000k\000a\000n\000\040\000B\000i\000l\000a\000n\000g\000a\000n\000\040\000P\000r\000i\000m\000a\000\040\000d\000a\000l\000a\000m\000\040\000R\000e\000n\000t\000a\000n\000g}{subsection.6.7}% 43
\BOOKMARK [2][-]{subsection.6.8}{\376\377\000S\000t\000u\000d\000i\000\040\000K\000a\000s\000u\000s\000:\000\040\000D\000e\000r\000e\000t\000\040\000A\000r\000i\000t\000m\000a\000t\000i\000k\000a\000\040\000d\000a\000n\000\040\000P\000e\000r\000p\000a\000n\000g\000k\000a\000t\000a\000n}{section.6}% 44
\BOOKMARK [3][-]{subsubsection.6.8.1}{\376\377\000P\000e\000n\000j\000u\000m\000l\000a\000h\000a\000n\000\040\000D\000e\000r\000e\000t\000\040\0001\000\040\000S\000a\000m\000p\000a\000i\000\040\000N}{subsection.6.8}% 45
\BOOKMARK [3][-]{subsubsection.6.8.2}{\376\377\000D\000e\000r\000e\000t\000\040\000A\000r\000i\000t\000m\000a\000t\000i\000k\000a\000\040\000d\000e\000n\000g\000a\000n\000\040\000B\000e\000d\000a\000\040\000T\000e\000r\000t\000e\000n\000t\000u}{subsection.6.8}% 46
\BOOKMARK [3][-]{subsubsection.6.8.3}{\376\377\000P\000e\000r\000h\000i\000t\000u\000n\000g\000a\000n\000\040\000P\000e\000r\000p\000a\000n\000g\000k\000a\000t\000a\000n\000\040\000M\000a\000n\000u\000a\000l}{subsection.6.8}% 47
\BOOKMARK [3][-]{subsubsection.6.8.4}{\376\377\000P\000e\000r\000b\000a\000n\000d\000i\000n\000g\000a\000n\000\040\000d\000e\000n\000g\000a\000n\000\040\000R\000u\000m\000u\000s\000\040\000L\000a\000n\000g\000s\000u\000n\000g}{subsection.6.8}% 48
\BOOKMARK [2][-]{subsection.6.9}{\376\377\000M\000e\000n\000y\000i\000m\000p\000a\000n\000\040\000B\000a\000n\000y\000a\000k\000\040\000D\000a\000t\000a\000\040\000d\000e\000n\000g\000a\000n\000\040\000L\000i\000s\000t}{section.6}% 49
\BOOKMARK [3][-]{subsubsection.6.9.1}{\376\377\000K\000o\000n\000s\000e\000p\000\040\000L\000i\000s\000t}{subsection.6.9}% 50
\BOOKMARK [3][-]{subsubsection.6.9.2}{\376\377\000M\000e\000n\000g\000a\000k\000s\000e\000s\000\040\000E\000l\000e\000m\000e\000n\000\040\000M\000e\000l\000a\000l\000u\000i\000\040\000I\000n\000d\000e\000k\000s}{subsection.6.9}% 51
\BOOKMARK [3][-]{subsubsection.6.9.3}{\376\377\000M\000e\000n\000a\000m\000b\000a\000h\000\040\000d\000a\000n\000\040\000M\000e\000n\000g\000h\000a\000p\000u\000s\000\040\000E\000l\000e\000m\000e\000n}{subsection.6.9}% 52
\BOOKMARK [3][-]{subsubsection.6.9.4}{\376\377\000M\000e\000n\000e\000l\000u\000s\000u\000r\000i\000\040\000L\000i\000s\000t\000\040\000d\000e\000n\000g\000a\000n\000\040\000P\000e\000r\000u\000l\000a\000n\000g\000a\000n}{subsection.6.9}% 53
\BOOKMARK [3][-]{subsubsection.6.9.5}{\376\377\000P\000e\000r\000h\000i\000t\000u\000n\000g\000a\000n\000:\000\040\000T\000o\000t\000a\000l\000,\000\040\000R\000a\000t\000a\000-\000r\000a\000t\000a\000,\000\040\000M\000a\000x\000,\000\040\000M\000i\000n}{subsection.6.9}% 54
\BOOKMARK [2][-]{subsection.6.10}{\376\377\000F\000u\000n\000g\000s\000i\000\040\000\050\000D\000e\000f\000\051\000\040\000u\000n\000t\000u\000k\000\040\000M\000e\000r\000a\000p\000i\000k\000a\000n\000\040\000P\000r\000o\000g\000r\000a\000m}{section.6}% 55
\BOOKMARK [3][-]{subsubsection.6.10.1}{\376\377\000K\000o\000n\000s\000e\000p\000\040\000F\000u\000n\000g\000s\000i}{subsection.6.10}% 56
\BOOKMARK [3][-]{subsubsection.6.10.2}{\376\377\000M\000e\000m\000b\000u\000a\000t\000\040\000F\000u\000n\000g\000s\000i\000\040\000d\000e\000n\000g\000a\000n\000\040\000P\000a\000r\000a\000m\000e\000t\000e\000r}{subsection.6.10}% 57
\BOOKMARK [3][-]{subsubsection.6.10.3}{\376\377\000M\000e\000n\000g\000e\000m\000b\000a\000l\000i\000k\000a\000n\000\040\000N\000i\000l\000a\000i\000\040\000d\000e\000n\000g\000a\000n\000\040\000R\000e\000t\000u\000r\000n}{subsection.6.10}% 58
\BOOKMARK [3][-]{subsubsection.6.10.4}{\376\377\000M\000e\000m\000e\000c\000a\000h\000\040\000P\000r\000o\000g\000r\000a\000m\000\040\000M\000e\000n\000j\000a\000d\000i\000\040\000B\000e\000b\000e\000r\000a\000p\000a\000\040\000F\000u\000n\000g\000s\000i}{subsection.6.10}% 59
\BOOKMARK [2][-]{subsection.6.11}{\376\377\000M\000e\000r\000a\000n\000g\000k\000a\000i\000\040\000M\000e\000n\000j\000a\000d\000i\000\040\000K\000e\000r\000a\000n\000g\000k\000a\000\040\000A\000p\000l\000i\000k\000a\000s\000i\000\040\000K\000o\000n\000s\000o\000l}{section.6}% 60
\BOOKMARK [3][-]{subsubsection.6.11.1}{\376\377\000S\000t\000r\000u\000k\000t\000u\000r\000\040\000M\000e\000n\000u\000\040\000U\000t\000a\000m\000a\000\040\000d\000e\000n\000g\000a\000n\000\040\000W\000h\000i\000l\000e\000\040\000T\000r\000u\000e}{subsection.6.11}% 61
\BOOKMARK [3][-]{subsubsection.6.11.2}{\376\377\000M\000e\000m\000i\000l\000i\000h\000\040\000F\000i\000t\000u\000r\000\040\000M\000e\000l\000a\000l\000u\000i\000\040\000I\000n\000p\000u\000t}{subsection.6.11}% 62
\BOOKMARK [3][-]{subsubsection.6.11.3}{\376\377\000V\000a\000l\000i\000d\000a\000s\000i\000\040\000I\000n\000p\000u\000t}{subsection.6.11}% 63
\BOOKMARK [3][-]{subsubsection.6.11.4}{\376\377\000O\000p\000s\000i\000\040\000K\000e\000l\000u\000a\000r\000\040\000d\000a\000r\000i\000\040\000P\000r\000o\000g\000r\000a\000m}{subsection.6.11}% 64
\BOOKMARK [3][-]{subsubsection.6.11.5}{\376\377\000M\000e\000r\000a\000p\000i\000k\000a\000n\000\040\000T\000a\000m\000p\000i\000l\000a\000n\000\040\000T\000e\000r\000m\000i\000n\000a\000l}{subsection.6.11}% 65
\BOOKMARK [1][-]{section.7}{\376\377\000L\000a\000t\000i\000h\000a\000n\000\040\000d\000a\000n\000\040\000T\000u\000g\000a\000s}{}% 66
\BOOKMARK [2][-]{subsection.7.1}{\376\377\000L\000a\000t\000i\000h\000a\000n\000\040\000I\000n\000d\000i\000v\000i\000d\000u}{section.7}% 67
\BOOKMARK [3][-]{subsubsection.7.1.1}{\376\377\000L\000a\000t\000i\000h\000a\000n\000\040\0001\000:\000\040\000D\000e\000t\000e\000k\000s\000i\000\040\000B\000i\000l\000a\000n\000g\000a\000n\000\040\000P\000r\000i\000m\000a\000\040\000\050\000l\000a\000t\000i\000h\000a\000n\0003\000\137\000p\000r\000i\000m\000a\000.\000p\000y\000\051}{subsection.7.1}% 68
\BOOKMARK [3][-]{subsubsection.7.1.2}{\376\377\000L\000a\000t\000i\000h\000a\000n\000\040\0002\000:\000\040\000P\000e\000r\000c\000a\000b\000a\000n\000g\000a\000n\000\040\000B\000e\000r\000t\000i\000n\000g\000k\000a\000t\000\040\000\050\000l\000a\000t\000i\000h\000a\000n\0003\000\137\000n\000e\000s\000t\000e\000d\000.\000p\000y\000\051}{subsection.7.1}% 69
\BOOKMARK [3][-]{subsubsection.7.1.3}{\376\377\000L\000a\000t\000i\000h\000a\000n\000\040\0003\000:\000\040\000D\000e\000r\000e\000t\000\040\000A\000r\000i\000t\000m\000a\000t\000i\000k\000a\000\040\000d\000a\000n\000\040\000P\000e\000r\000p\000a\000n\000g\000k\000a\000t\000a\000n\000\040\000\050\000l\000a\000t\000i\000h\000a\000n\0003\000\137\000d\000e\000r\000e\000t\000.\000p\000y\000\051}{subsection.7.1}% 70
\BOOKMARK [2][-]{subsection.7.2}{\376\377\000T\000u\000g\000a\000s\000\040\000M\000a\000n\000d\000i\000r\000i}{section.7}% 71
\BOOKMARK [3][-]{subsubsection.7.2.1}{\376\377\000A\000p\000l\000i\000k\000a\000s\000i\000\040\000K\000o\000n\000s\000o\000l\000\040\000B\000e\000r\000m\000e\000n\000u\000\040\000\050\000t\000u\000g\000a\000s\0003\000\137\000m\000e\000n\000u\000.\000p\000y\000\051}{subsection.7.2}% 72
\BOOKMARK [1][-]{section.8}{\376\377\000P\000e\000n\000i\000l\000a\000i\000a\000n\000\040\000M\000o\000d\000u\000l\000\040\0003}{}% 73
\BOOKMARK [2][-]{subsection.8.1}{\376\377\000B\000o\000b\000o\000t\000\040\000P\000e\000n\000i\000l\000a\000i\000a\000n}{section.8}% 74
\BOOKMARK [2][-]{subsection.8.2}{\376\377\000C\000a\000t\000a\000t\000a\000n\000\040\000P\000e\000n\000i\000l\000a\000i\000a\000n}{section.8}% 75
\BOOKMARK [1][-]{section.9}{\376\377\000R\000e\000f\000e\000r\000e\000n\000s\000i}{}% 76
\BOOKMARK [1][-]{section.9}{\376\377\000L\000a\000m\000p\000i\000r\000a\000n}{}% 77
